// Jest Snapshot v1, https://goo.gl/fbAQLP

exports[`App tests should render the App 1`] = `"<div class=\\"App\\"><header class=\\"App-header\\"><div><h1>Spells</h1><hr><div>Filter&nbsp;<input type=\\"text\\"></div><hr><div><div></div></div><div><div>magic missle - 1</div></div></div></header></div>"`;
